[OPT][87748] Job on nodes: server0092
[OPT][87748] MPI tasks: 4  GPUs/task: 1  CPUs/task: 3
[OPT][87748] GPU inventory:
index, name, memory.total [MiB], pci.bus_id
0, NVIDIA GeForce RTX 2080 Ti, 11264 MiB, 00000000:21:00.0
1, NVIDIA GeForce RTX 2080 Ti, 11264 MiB, 00000000:22:00.0
2, NVIDIA GeForce RTX 2080 Ti, 11264 MiB, 00000000:42:00.0
3, NVIDIA GeForce RTX 2080 Ti, 11264 MiB, 00000000:61:00.0
[OPT][87748] GPU topology for large image processing optimization:
	[4mGPU0	GPU1	GPU2	GPU3	CPU Affinity	NUMA Affinity	GPU NUMA ID[0m
GPU0	 X 	PHB	SYS	SYS	8-11,40-43	1		N/A
GPU1	PHB	 X 	SYS	SYS	8-11,40-43	1		N/A
GPU2	SYS	SYS	 X 	SYS			N/A		N/A
GPU3	SYS	SYS	SYS	 X 		3		N/A

Legend:

  X    = Self
  SYS  = Connection traversing PCIe as well as the SMP interconnect between NUMA nodes (e.g., QPI/UPI)
  NODE = Connection traversing PCIe as well as the interconnect between PCIe Host Bridges within a NUMA node
  PHB  = Connection traversing PCIe as well as a PCIe Host Bridge (typically the CPU)
  PXB  = Connection traversing multiple PCIe bridges (without traversing the PCIe Host Bridge)
  PIX  = Connection traversing at most a single PCIe bridge
  NV#  = Connection traversing a bonded set of # NVLinks
Installing dependencies from lock file

Package operations: 190 installs, 1 update, 0 removals

  - Updating pip (25.1.1 -> 25.2)
  - Installing attrs (25.3.0)
  - Installing rpds-py (0.27.1)
  - Installing typing-extensions (4.15.0)
  - Installing referencing (0.36.2)
  - Installing six (1.17.0)
  - Installing jsonschema-specifications (2025.9.1)
  - Installing platformdirs (4.4.0)
  - Installing python-dateutil (2.9.0.post0)
  - Installing traitlets (5.14.3)
  - Installing types-python-dateutil (2.9.0.20250822)
  - Installing arrow (1.3.0)
  - Installing fastjsonschema (2.21.2)
  - Installing jsonschema (4.25.1)
  - Installing jupyter-core (5.8.1)
  - Installing lark (1.3.0)
  - Installing pycparser (2.23)
  - Installing pyzmq (27.1.0)
  - Installing tornado (6.5.2)
  - Installing webencodings (0.5.1)
  - Installing cffi (2.0.0)
  - Installing fqdn (1.5.1)
  - Installing idna (3.10)
  - Installing isoduration (20.11.0)
  - Installing jsonpointer (3.0.0)
  - Installing jupyter-client (8.6.3)
  - Installing markupsafe (3.0.3)
  - Installing nbformat (5.10.4)
  - Installing ptyprocess (0.7.0)
  - Installing rfc3339-validator (0.1.4)
  - Installing rfc3986-validator (0.1.1)
  - Installing rfc3987-syntax (1.1.0)
  - Installing soupsieve (2.8)
  - Installing tinycss2 (1.4.0)
  - Installing uri-template (1.3.0)
  - Installing webcolors (24.11.1)
  - Installing argon2-cffi-bindings (25.1.0)
  - Installing asttokens (3.0.0)
  - Installing beautifulsoup4 (4.14.2)
  - Installing bleach (6.2.0)
  - Installing defusedxml (0.7.1)
  - Installing executing (2.2.1)
  - Installing jinja2 (3.1.6)
  - Installing jupyterlab-pygments (0.3.0)
  - Installing mistune (3.1.4)
  - Installing nbclient (0.10.2)
  - Installing numpy (2.2.6)
  - Installing packaging (25.0)
  - Installing pandocfilters (1.5.1)
  - Installing parso (0.8.5)
  - Installing pure-eval (0.2.3)
  - Installing pygments (2.19.2)
  - Installing python-json-logger (3.3.0)
  - Installing pyyaml (6.0.3)
  - Installing sniffio (1.3.1)
  - Installing terminado (0.18.1)
  - Installing wcwidth (0.2.14)
  - Installing anyio (4.11.0)
  - Installing argon2-cffi (25.1.0)
  - Installing astropy-iers-data (0.2025.9.29.0.35.48)
  - Installing certifi (2025.8.3)
  - Installing charset-normalizer (3.4.3)
  - Installing crc32c (2.7.1)
  - Installing frozenlist (1.7.0)
  - Installing decorator (5.2.1)
  - Installing h11 (0.16.0)
  - Installing jedi (0.19.2)
  - Installing jupyter-events (0.12.0)
  - Installing ipython-pygments-lexers (1.1.1)
  - Installing multidict (6.6.4)
  - Installing pexpect (4.9.0)
  - Installing jupyter-server-terminals (0.5.3)
  - Installing prompt-toolkit (3.0.52)
  - Installing matplotlib-inline (0.1.7)
  - Installing send2trash (1.8.3)
  - Installing stack-data (0.6.3)
  - Installing prometheus-client (0.23.1)
  - Installing toolz (1.0.0)
  - Installing websocket-client (1.8.0)
  - Installing nbconvert (7.16.6)
  - Installing urllib3 (2.5.0)
  - Installing pyerfa (2.0.1.5)
  - Installing propcache (0.3.2)
  - Installing locket (1.0.0)
  - Installing aiohappyeyeballs (2.6.1)
  - Installing aiosignal (1.4.0)
  - Installing astropy (7.1.0)
  - Installing babel (2.17.0)
  - Installing click (8.3.0)
  - Installing cloudpickle (3.1.1)
  - Installing comm (0.2.3)
  - Installing contourpy (1.3.3)
  - Installing cycler (0.12.1)
  - Installing debugpy (1.8.17)
  - Installing donfig (0.8.1.post1)
  - Installing fsspec (2025.9.0)
  - Installing httpcore (1.0.9)
  - Installing fonttools (4.60.1)
  - Installing ipython (9.6.0)
  - Installing jupyter-server (2.17.0)
  - Installing kiwisolver (1.4.9)
  - Installing json5 (0.12.1)
  - Installing nest-asyncio (1.6.0)
  - Installing pillow (11.3.0)
  - Installing psutil (7.1.0)
  - Installing pytz (2025.2)
  - Installing yarl (1.20.1)
  - Installing numcodecs (0.16.3)
  - Installing pyparsing (3.2.5)
  - Installing partd (1.4.2)
  - Installing tzdata (2025.2)
  - Installing requests (2.32.5)
  - Installing aioftp (0.27.2)
  - Installing aiohttp (3.12.15)
  - Installing astropy-healpix (1.1.2)
  - Installing async-lru (2.0.5)
  - Installing dask (2025.9.1)
  - Installing h5py (3.14.0)
  - Installing httpx (0.28.1)
  - Installing ipykernel (6.30.1)
  - Installing isodate (0.7.2)
  - Installing jupyter-lsp (2.3.0)
  - Installing jupyterlab-server (2.27.3)
  - Installing lxml (6.0.2)
  - Installing matplotlib (3.10.6)
  - Installing notebook-shim (0.2.4)
  - Installing pandas (2.3.3)
  - Installing pyavm (0.9.6)
  - Installing requests-file (2.1.0)
  - Installing requests-toolbelt (1.0.0)
  - Installing scipy (1.16.2)
  - Installing setuptools (80.9.0)
  - Installing tqdm (4.67.1)
  - Installing zarr (3.1.3)
  - Installing cdflib (1.3.6)
  - Installing drms (0.9.0)
  - Installing h5netcdf (1.6.4)
  - Installing jupyterlab (4.4.9)
  - Installing jupyterlab-widgets (3.0.15)
  - Installing mpl-animators (1.2.4)
  - Installing msgpack (1.1.1)
  - Installing parfive (2.2.0)
  - Installing reproject (0.15.0)
  - Installing sortedcontainers (2.4.0)
  - Installing tblib (3.1.0)
  - Installing widgetsnbextension (4.0.14)
  - Installing zeep (4.3.2)
  - Installing zict (3.0.0)
  - Installing annotated-types (0.7.0)
  - Installing distributed (2025.9.1)
  - Installing fastrlock (0.8.3)
  - Installing iniconfig (2.1.0)
  - Installing joblib (1.5.2)
  - Installing ipywidgets (8.1.7)
  - Installing jsonform (0.0.2)
  - Installing jupyter-console (6.6.3)
  - Installing jsonsir (0.0.2)
  - Installing mypy-extensions (1.1.0)
  - Installing narwhals (2.6.0)
  - Installing pathspec (0.12.1)
  - Installing notebook (7.4.7)
  - Installing llvmlite (0.44.0)
  - Installing pluggy (1.6.0)
  - Installing pydantic-core (2.33.2)
  - Installing python-easyconfig (0.1.7)
  - Installing pytokens (0.1.10)
  - Installing setproctitle (1.3.7)
  - Installing sunpy (7.0.2)
  - Installing threadpoolctl (3.6.0)
  - Installing typing-inspection (0.4.2)
  - Installing xarray (2025.9.1)
  - Installing xyzservices (2025.4.0)
  - Installing aiapy (0.10.2)
  - Installing black (25.9.0)
  - Installing bokeh (3.8.0)
  - Installing chiantipy (0.15.2)
  - Installing cupy-cuda12x (13.6.0)
  - Installing dask-jobqueue (0.9.0)
  - Installing jupyter (1.1.1)
  - Installing line-profiler (5.0.0)
  - Installing mpi4py (4.1.0)
  - Installing numba (0.61.2)
  - Installing pybase64 (1.4.2)
  - Installing pydantic (2.11.9)
  - Installing pyinstrument (5.1.1)
  - Installing pytest (8.4.2)
  - Installing resource (0.2.1)
  - Installing ruff (0.12.12)
  - Installing scikit-learn (1.7.2)
  - Installing sglang (0.5.2)
  - Installing sunkit-instruments (0.6.2)

Installing the current project: hpcp-assignment (0.1.0)
[OPT][87748] Config: LOG_LEVEL=WARNING VERBOSE=0 PROFILE=0 NVTX=0 BATCH_SIZE=0
