WARNING: CPU IP/backtrace sampling not supported, disabling.
Try the 'nsys status --environment' command to learn more.

WARNING: CPU context switch tracing not supported, disabling.
Try the 'nsys status --environment' command to learn more.

WARNING: CPU IP/backtrace sampling not supported, disabling.
Try the 'nsys status --environment' command to learn more.

WARNING: CPU context switch tracing not supported, disabling.
Try the 'nsys status --environment' command to learn more.

WARNING: CPU IP/backtrace sampling not supported, disabling.
Try the 'nsys status --environment' command to learn more.

WARNING: CPU context switch tracing not supported, disabling.
Try the 'nsys status --environment' command to learn more.

WARNING: CPU IP/backtrace sampling not supported, disabling.
Try the 'nsys status --environment' command to learn more.

WARNING: CPU context switch tracing not supported, disabling.
Try the 'nsys status --environment' command to learn more.

--------------------------------------------------------------------------
A requested component was not found, or was unable to be opened.  This
means that this component is either not installed or is unable to be
used on your system (e.g., sometimes this means that shared libraries
that the component requires are unable to be found/loaded).  Note that
PMIx stopped checking at the first component that it did not find.

Host:      server0092
Framework: psec
Component: munge
--------------------------------------------------------------------------

--------------------------------------------------------------------------
A requested component was not found, or was unable to be opened.  This
means that this component is either not installed or is unable to be
used on your system (e.g., sometimes this means that shared libraries
that the component requires are unable to be found/loaded).  Note that
PMIx stopped checking at the first component that it did not find.

Host:      server0092
Framework: psec
Component: munge
--------------------------------------------------------------------------

--------------------------------------------------------------------------
A requested component was not found, or was unable to be opened.  This
means that this component is either not installed or is unable to be
used on your system (e.g., sometimes this means that shared libraries
that the component requires are unable to be found/loaded).  Note that
PMIx stopped checking at the first component that it did not find.

Host:      server0092
Framework: psec
Component: munge
--------------------------------------------------------------------------

--------------------------------------------------------------------------
A requested component was not found, or was unable to be opened.  This
means that this component is either not installed or is unable to be
used on your system (e.g., sometimes this means that shared libraries
that the component requires are unable to be found/loaded).  Note that
PMIx stopped checking at the first component that it did not find.

Host:      server0092
Framework: psec
Component: munge
--------------------------------------------------------------------------

--------------------------------------------------------------------------
A requested component was not found, or was unable to be opened.  This
means that this component is either not installed or is unable to be
used on your system (e.g., sometimes this means that shared libraries
that the component requires are unable to be found/loaded).  Note that
PMIx stopped checking at the first component that it did not find.

Host:      server0092
Framework: psec
Component: munge
--------------------------------------------------------------------------

--------------------------------------------------------------------------
A requested component was not found, or was unable to be opened.  This
means that this component is either not installed or is unable to be
used on your system (e.g., sometimes this means that shared libraries
that the component requires are unable to be found/loaded).  Note that
PMIx stopped checking at the first component that it did not find.

Host:      server0092
Framework: psec
Component: munge
--------------------------------------------------------------------------

--------------------------------------------------------------------------
A requested component was not found, or was unable to be opened.  This
means that this component is either not installed or is unable to be
used on your system (e.g., sometimes this means that shared libraries
that the component requires are unable to be found/loaded).  Note that
PMIx stopped checking at the first component that it did not find.

Host:      server0092
Framework: psec
Component: munge
--------------------------------------------------------------------------

--------------------------------------------------------------------------
A requested component was not found, or was unable to be opened.  This
means that this component is either not installed or is unable to be
used on your system (e.g., sometimes this means that shared libraries
that the component requires are unable to be found/loaded).  Note that
PMIx stopped checking at the first component that it did not find.

Host:      server0092
Framework: psec
Component: munge
--------------------------------------------------------------------------

Exception ignored in: <cyfunction Stream.__del__ at 0x72064f350450>
Traceback (most recent call last):
  File "cupy/cuda/stream.pyx", line 491, in cupy.cuda.stream.Stream.__del__
AttributeError: 'Stream' object has no attribute 'ptr'
Exception ignored in: <cyfunction Stream.__del__ at 0x76b18d954380>
Traceback (most recent call last):
  File "cupy/cuda/stream.pyx", line 491, in cupy.cuda.stream.Stream.__del__
Exception ignored in: <cyfunction Stream.__del__ at 0x7f0d02d3c380>
Traceback (most recent call last):
  File "cupy/cuda/stream.pyx", line 491, in cupy.cuda.stream.Stream.__del__
Exception ignored in: <cyfunction Stream.__del__ at 0x7933df768380>
Traceback (most recent call last):
  File "cupy/cuda/stream.pyx", line 491, in cupy.cuda.stream.Stream.__del__
AttributeError: 'Stream' object has no attribute 'ptr'
AttributeError: 'Stream' object has no attribute 'ptr'
AttributeError: 'Stream' object has no attribute 'ptr'
Exception ignored in: <cyfunction Stream.__del__ at 0x72064f350450>
Traceback (most recent call last):
  File "cupy/cuda/stream.pyx", line 491, in cupy.cuda.stream.Stream.__del__
AttributeError: 'Stream' object has no attribute 'ptr'
Exception ignored in: <cyfunction Stream.__del__ at 0x76b18d954380>
Traceback (most recent call last):
  File "cupy/cuda/stream.pyx", line 491, in cupy.cuda.stream.Stream.__del__
AttributeError: 'Stream' object has no attribute 'ptr'
Exception ignored in: <cyfunction Stream.__del__ at 0x7f0d02d3c380>
Traceback (most recent call last):
  File "cupy/cuda/stream.pyx", line 491, in cupy.cuda.stream.Stream.__del__
AttributeError: 'Stream' object has no attribute 'ptr'
Exception ignored in: <cyfunction Stream.__del__ at 0x7933df768380>
Traceback (most recent call last):
  File "cupy/cuda/stream.pyx", line 491, in cupy.cuda.stream.Stream.__del__
AttributeError: 'Stream' object has no attribute 'ptr'
Exception ignored in: <cyfunction Stream.__del__ at 0x72064f350450>
Traceback (most recent call last):
  File "cupy/cuda/stream.pyx", line 491, in cupy.cuda.stream.Stream.__del__
AttributeError: 'Stream' object has no attribute 'ptr'
Exception ignored in: <cyfunction Stream.__del__ at 0x76b18d954380>
Traceback (most recent call last):
  File "cupy/cuda/stream.pyx", line 491, in cupy.cuda.stream.Stream.__del__
AttributeError: 'Stream' object has no attribute 'ptr'
Exception ignored in: <cyfunction Stream.__del__ at 0x7f0d02d3c380>
Traceback (most recent call last):
  File "cupy/cuda/stream.pyx", line 491, in cupy.cuda.stream.Stream.__del__
AttributeError: 'Stream' object has no attribute 'ptr'
Exception ignored in: <cyfunction Stream.__del__ at 0x7933df768380>
Traceback (most recent call last):
  File "cupy/cuda/stream.pyx", line 491, in cupy.cuda.stream.Stream.__del__
AttributeError: 'Stream' object has no attribute 'ptr'
Exception ignored in: <cyfunction Stream.__del__ at 0x72064f350450>
Traceback (most recent call last):
  File "cupy/cuda/stream.pyx", line 491, in cupy.cuda.stream.Stream.__del__
AttributeError: 'Stream' object has no attribute 'ptr'
Exception ignored in: <cyfunction Stream.__del__ at 0x7f0d02d3c380>
Traceback (most recent call last):
  File "cupy/cuda/stream.pyx", line 491, in cupy.cuda.stream.Stream.__del__
AttributeError: 'Stream' object has no attribute 'ptr'
Exception ignored in: <cyfunction Stream.__del__ at 0x76b18d954380>
Traceback (most recent call last):
  File "cupy/cuda/stream.pyx", line 491, in cupy.cuda.stream.Stream.__del__
AttributeError: 'Stream' object has no attribute 'ptr'
Exception ignored in: <cyfunction Stream.__del__ at 0x7933df768380>
Traceback (most recent call last):
  File "cupy/cuda/stream.pyx", line 491, in cupy.cuda.stream.Stream.__del__
AttributeError: 'Stream' object has no attribute 'ptr'
Exception ignored in: <cyfunction Stream.__del__ at 0x72064f350450>
Traceback (most recent call last):
  File "cupy/cuda/stream.pyx", line 491, in cupy.cuda.stream.Stream.__del__
AttributeError: 'Stream' object has no attribute 'ptr'
Exception ignored in: <cyfunction Stream.__del__ at 0x76b18d954380>
Traceback (most recent call last):
  File "cupy/cuda/stream.pyx", line 491, in cupy.cuda.stream.Stream.__del__
AttributeError: 'Stream' object has no attribute 'ptr'
Exception ignored in: <cyfunction Stream.__del__ at 0x7f0d02d3c380>
Traceback (most recent call last):
  File "cupy/cuda/stream.pyx", line 491, in cupy.cuda.stream.Stream.__del__
AttributeError: 'Stream' object has no attribute 'ptr'
Exception ignored in: <cyfunction Stream.__del__ at 0x7933df768380>
Traceback (most recent call last):
  File "cupy/cuda/stream.pyx", line 491, in cupy.cuda.stream.Stream.__del__
AttributeError: 'Stream' object has no attribute 'ptr'
Exception ignored in: <cyfunction Stream.__del__ at 0x72064f350450>
Traceback (most recent call last):
  File "cupy/cuda/stream.pyx", line 491, in cupy.cuda.stream.Stream.__del__
AttributeError: 'Stream' object has no attribute 'ptr'
Exception ignored in: <cyfunction Stream.__del__ at 0x7f0d02d3c380>
Traceback (most recent call last):
  File "cupy/cuda/stream.pyx", line 491, in cupy.cuda.stream.Stream.__del__
AttributeError: 'Stream' object has no attribute 'ptr'
Exception ignored in: <cyfunction Stream.__del__ at 0x76b18d954380>
Traceback (most recent call last):
  File "cupy/cuda/stream.pyx", line 491, in cupy.cuda.stream.Stream.__del__
AttributeError: 'Stream' object has no attribute 'ptr'
Exception ignored in: <cyfunction Stream.__del__ at 0x7933df768380>
Traceback (most recent call last):
  File "cupy/cuda/stream.pyx", line 491, in cupy.cuda.stream.Stream.__del__
AttributeError: 'Stream' object has no attribute 'ptr'
Exception ignored in: <cyfunction Stream.__del__ at 0x72064f350450>
Traceback (most recent call last):
  File "cupy/cuda/stream.pyx", line 491, in cupy.cuda.stream.Stream.__del__
AttributeError: 'Stream' object has no attribute 'ptr'
Exception ignored in: <cyfunction Stream.__del__ at 0x7f0d02d3c380>
Traceback (most recent call last):
  File "cupy/cuda/stream.pyx", line 491, in cupy.cuda.stream.Stream.__del__
AttributeError: 'Stream' object has no attribute 'ptr'
Exception ignored in: <cyfunction Stream.__del__ at 0x76b18d954380>
Traceback (most recent call last):
  File "cupy/cuda/stream.pyx", line 491, in cupy.cuda.stream.Stream.__del__
AttributeError: 'Stream' object has no attribute 'ptr'
Exception ignored in: <cyfunction Stream.__del__ at 0x7933df768380>
Traceback (most recent call last):
  File "cupy/cuda/stream.pyx", line 491, in cupy.cuda.stream.Stream.__del__
AttributeError: 'Stream' object has no attribute 'ptr'
Exception ignored in: <cyfunction Stream.__del__ at 0x72064f350450>
Traceback (most recent call last):
  File "cupy/cuda/stream.pyx", line 491, in cupy.cuda.stream.Stream.__del__
AttributeError: 'Stream' object has no attribute 'ptr'
Exception ignored in: <cyfunction Stream.__del__ at 0x76b18d954380>
Traceback (most recent call last):
  File "cupy/cuda/stream.pyx", line 491, in cupy.cuda.stream.Stream.__del__
AttributeError: 'Stream' object has no attribute 'ptr'
Exception ignored in: <cyfunction Stream.__del__ at 0x7f0d02d3c380>
Traceback (most recent call last):
  File "cupy/cuda/stream.pyx", line 491, in cupy.cuda.stream.Stream.__del__
AttributeError: 'Stream' object has no attribute 'ptr'
Exception ignored in: <cyfunction Stream.__del__ at 0x7933df768380>
Traceback (most recent call last):
  File "cupy/cuda/stream.pyx", line 491, in cupy.cuda.stream.Stream.__del__
AttributeError: 'Stream' object has no attribute 'ptr'
Exception ignored in: <cyfunction Stream.__del__ at 0x72064f350450>
Traceback (most recent call last):
  File "cupy/cuda/stream.pyx", line 491, in cupy.cuda.stream.Stream.__del__
AttributeError: 'Stream' object has no attribute 'ptr'
Exception ignored in: <cyfunction Stream.__del__ at 0x7f0d02d3c380>
Traceback (most recent call last):
  File "cupy/cuda/stream.pyx", line 491, in cupy.cuda.stream.Stream.__del__
AttributeError: 'Stream' object has no attribute 'ptr'
Exception ignored in: <cyfunction Stream.__del__ at 0x76b18d954380>
Traceback (most recent call last):
  File "cupy/cuda/stream.pyx", line 491, in cupy.cuda.stream.Stream.__del__
AttributeError: 'Stream' object has no attribute 'ptr'
Exception ignored in: <cyfunction Stream.__del__ at 0x7933df768380>
Traceback (most recent call last):
  File "cupy/cuda/stream.pyx", line 491, in cupy.cuda.stream.Stream.__del__
AttributeError: 'Stream' object has no attribute 'ptr'
Exception ignored in: <cyfunction Stream.__del__ at 0x72064f350450>
Traceback (most recent call last):
  File "cupy/cuda/stream.pyx", line 491, in cupy.cuda.stream.Stream.__del__
AttributeError: 'Stream' object has no attribute 'ptr'
Exception ignored in: <cyfunction Stream.__del__ at 0x7f0d02d3c380>
Traceback (most recent call last):
  File "cupy/cuda/stream.pyx", line 491, in cupy.cuda.stream.Stream.__del__
AttributeError: 'Stream' object has no attribute 'ptr'
Exception ignored in: <cyfunction Stream.__del__ at 0x76b18d954380>
Traceback (most recent call last):
  File "cupy/cuda/stream.pyx", line 491, in cupy.cuda.stream.Stream.__del__
AttributeError: 'Stream' object has no attribute 'ptr'
Exception ignored in: <cyfunction Stream.__del__ at 0x7933df768380>
Traceback (most recent call last):
  File "cupy/cuda/stream.pyx", line 491, in cupy.cuda.stream.Stream.__del__
AttributeError: 'Stream' object has no attribute 'ptr'
