/workspace/.venv/lib/python3.12/site-packages/cupy/_environment.py:596: UserWarning: 
--------------------------------------------------------------------------------

  CuPy may not function correctly because multiple CuPy packages are installed
  in your environment:

    cupy-cuda11x, cupy-cuda12x

  Follow these steps to resolve this issue:

    1. For all packages listed above, run the following command to remove all
       existing CuPy installations:

         $ pip uninstall <package_name>

      If you previously installed CuPy via conda, also run the following:

         $ conda uninstall cupy

    2. Install the appropriate CuPy package.
       Refer to the Installation Guide for detailed instructions.

         https://docs.cupy.dev/en/stable/install.html

--------------------------------------------------------------------------------

  warnings.warn(f'''
/workspace/.venv/lib/python3.12/site-packages/cupy/_environment.py:596: UserWarning: 
--------------------------------------------------------------------------------

  CuPy may not function correctly because multiple CuPy packages are installed
  in your environment:

    cupy-cuda11x, cupy-cuda12x

  Follow these steps to resolve this issue:

    1. For all packages listed above, run the following command to remove all
       existing CuPy installations:

         $ pip uninstall <package_name>

      If you previously installed CuPy via conda, also run the following:

         $ conda uninstall cupy

    2. Install the appropriate CuPy package.
       Refer to the Installation Guide for detailed instructions.

         https://docs.cupy.dev/en/stable/install.html

--------------------------------------------------------------------------------

  warnings.warn(f'''
2025-09-18 17:48:25,841 - rank=- - INFO - __main__ - Starting rank 0/1; results dir: src/multiGPU/results
2025-09-18 17:48:25,917 - rank=- - INFO - numba.cuda.cudadrv.driver - init
2025-09-18 17:48:26,070 - rank=- - INFO - __main__ - Starting rank 0/1; results dir: src/multiGPU/results
2025-09-18 17:48:26,145 - rank=- - INFO - numba.cuda.cudadrv.driver - init
2025-09-18 17:48:52,408 - rank=- - INFO - __main__ - Rank 0: processed 1000 pixels on GPU 0
2025-09-18 17:48:52,422 - rank=- - INFO - __main__ - Saved local DEMs to src/multiGPU/results/rank000/dem_local.npz
2025-09-18 17:48:53,348 - rank=- - INFO - __main__ - Rank 0: processed 1000 pixels on GPU 0
2025-09-18 17:48:53,361 - rank=- - INFO - __main__ - Saved local DEMs to src/multiGPU/results/rank000/dem_local.npz
