[SLURM] Job 86395 on server[0092,0094]
[SLURM] Repo dir: /mnt/nas05/clusterdata01/home2/lukas.breiter/HPCP_Assignment
[SLURM] Image:    /mnt/nas05/clusterdata01/home2/lukas.breiter/HPCP_Assignment/containers/python_poetry.sif
[SLURM] Entry:    src.multiGPU.main
[SLURM] Log dir:  /mnt/nas05/clusterdata01/home2/lukas.breiter/HPCP_Assignment/src/multiGPU/results/logs
[SLURM] CUDA_VISIBLE_DEVICES=0,1
[SLURM] nvidia-smi summary:
index, name, memory.total [MiB], driver_version
0, NVIDIA GeForce RTX 2080 Ti, 11264 MiB, 575.57.08
1, NVIDIA GeForce RTX 2080 Ti, 11264 MiB, 575.57.08
[SLURM] Preparing Poetry environment into /workspace/.venv
Installing dependencies from lock file

No dependencies to install or update

Installing the current project: hpcp-assignment (0.1.0)
MPI size=1, launching job with input=data/np32/20170906_12_00_12.npz, node=server0092, local_size=1, gpu_assigned=0
MPI size=1, launching job with input=data/np32/20170906_12_00_12.npz
dn2d.shape=(1000, 6), edn2d.shape=(1000, 6)
Computed total DEMs: 1000
MPI size=1, launching job with input=data/np32/20170906_12_00_12.npz, node=server0094, local_size=1, gpu_assigned=0
MPI size=1, launching job with input=data/np32/20170906_12_00_12.npz
dn2d.shape=(1000, 6), edn2d.shape=(1000, 6)
Computed total DEMs: 1000
[SLURM] job exit code: 0
